
> brand-well@0.1.0 build
> next build

  Γû▓ Next.js 14.2.30
  - Experiments (use with caution):
    ┬╖ optimizeCss
    ┬╖ scrollRestoration

   Creating an optimized production build ...
 Γ£ô Compiled successfully
   Linting and checking validity of types ...
   Collecting page data ...
   Generating static pages (0/24) ...
   Generating static pages (6/24) 
   Generating static pages (12/24) 
   Generating static pages (18/24) 
Time 65.1355
Time 22.8399
 Γ£ô Generating static pages (24/24)
